// Jest Snapshot v1, https://jestjs.io/docs/snapshot-testing

exports[`getDownloadObject when platform is "darwin" gets download object 1`] = `
{
  "binaryDirectory": "love.app/Contents/MacOS",
  "filename": "love",
  "url": "https://github.com/love2d/love/releases/download/11.4/love-11.4-macos.zip",
}
`;

exports[`getDownloadObject when platform is "linux" gets download object 1`] = `
{
  "binaryDirectory": "squashfs-root/bin",
  "filename": "love",
  "url": "https://github.com/love2d/love/releases/download/11.4/love-11.4-x86_64.AppImage",
}
`;

exports[`getDownloadObject when platform is "win32" gets download object 1`] = `
{
  "binaryDirectory": "love-11.4-win64",
  "filename": "love.exe",
  "url": "https://github.com/love2d/love/releases/download/11.4/love-11.4-win64.zip",
}
`;
